<testsuites id="" name="" tests="1" failures="0" skipped="0" errors="0" time="7.096197">
<testsuite name="web/opencart-account.spec.ts" timestamp="2026-09-27T15:42:10.652Z" hostname="chromium" tests="1" failures="0" skipped="0" time="4.519" errors="0">
<testcase name="Invalid customer login @master @regression @web" classname="web/opencart-account.spec.ts" time="4.519">
<system-out>
<![CDATA[✅ Invalid login was rejected.
]]>
</system-out>
</testcase>
</testsuite>
</testsuites>